

Version:	3.50
CmdLine:	C:\othmane\gestion_employes\gestion-employes.exe --l4j-debug
JNI:		No
WOW64:		Yes
Working dir:	C:\othmane\gestion_employes\.
Requires JDK:	No
Requires 64-Bit: No
Java min ver:	
Java max ver:	
JRE paths:	jre
Check launcher:	C:\othmane\gestion_employes\jre\bin\javaw.exe (not found)
Error msg:	This application requires a Java Runtime Environment.


Version:	3.50
CmdLine:	C:\othmane\gestion_employes\gestion-employes.exe --l4j-debug
JNI:		No
WOW64:		Yes
Working dir:	C:\othmane\gestion_employes\.
Requires JDK:	No
Requires 64-Bit: No
Java min ver:	
Java max ver:	
JRE paths:	jre
Check launcher:	C:\othmane\gestion_employes\jre\bin\javaw.exe (not found)
Error msg:	This application requires a Java Runtime Environment.


Version:	3.50
CmdLine:	C:\othmane\gestion_employes\gestion-employes.exe --l4j-debug
JNI:		No
WOW64:		Yes
Working dir:	C:\othmane\gestion_employes\.
Requires JDK:	No
Requires 64-Bit: No
Java min ver:	
Java max ver:	
JRE paths:	jre
Check launcher:	C:\othmane\gestion_employes\jre\bin\javaw.exe (not found)
Error msg:	This application requires a Java Runtime Environment.
